// Jest Snapshot v1, https://goo.gl/fbAQLP

exports[`RangeSlider Test Load RangeSlider 1`] = `
<div>
  <span
    class="MuiSlider-root MuiSlider-colorPrimary makeStyles-slider-1"
  >
    <span
      class="MuiSlider-rail"
    />
    <span
      class="MuiSlider-track"
      style="left: 20%; width: 17%;"
    />
    <input
      type="hidden"
      value="20,37"
    />
    <span
      aria-labelledby="range-slider"
      aria-orientation="horizontal"
      aria-valuemax="100"
      aria-valuemin="0"
      aria-valuenow="20"
      class="MuiSlider-thumb MuiSlider-thumbColorPrimary PrivateValueLabel-open-3 PrivateValueLabel-thumb-2"
      data-index="0"
      role="slider"
      style="left: 20%;"
      tabindex="0"
    >
      <span
        class="PrivateValueLabel-offset-4 MuiSlider-valueLabel"
      >
        <span
          class="PrivateValueLabel-circle-5"
        >
          <span
            class="PrivateValueLabel-label-6"
          >
            20
          </span>
        </span>
      </span>
    </span>
    <span
      aria-labelledby="range-slider"
      aria-orientation="horizontal"
      aria-valuemax="100"
      aria-valuemin="0"
      aria-valuenow="37"
      class="MuiSlider-thumb MuiSlider-thumbColorPrimary PrivateValueLabel-open-3 PrivateValueLabel-thumb-2"
      data-index="1"
      role="slider"
      style="left: 37%;"
      tabindex="0"
    >
      <span
        class="PrivateValueLabel-offset-4 MuiSlider-valueLabel"
      >
        <span
          class="PrivateValueLabel-circle-5"
        >
          <span
            class="PrivateValueLabel-label-6"
          >
            37
          </span>
        </span>
      </span>
    </span>
  </span>
</div>
`;
