// Jest Snapshot v1, https://goo.gl/fbAQLP

exports[`Button Test Load Button 1`] = `
<div>
  <button
    class="MuiButtonBase-root MuiButton-root MuiButton-contained makeStyles-contained-1"
    tabindex="0"
    type="button"
  >
    <span
      class="MuiButton-label"
    >
      submit
    </span>
    <span
      class="MuiTouchRipple-root"
    />
  </button>
</div>
`;
