// Jest Snapshot v1, https://goo.gl/fbAQLP

exports[`inputField Loads inputField 1`] = `
<div>
  <div
    class="MuiFormControl-root MuiTextField-root"
  >
    <label
      class="MuiFormLabel-root MuiInputLabel-root MuiInputLabel-formControl MuiInputLabel-animated MuiInputLabel-outlined"
      data-shrink="false"
    >
      Login
    </label>
    <div
      class="MuiInputBase-root MuiOutlinedInput-root MuiInputBase-formControl"
    >
      <input
        aria-invalid="false"
        class="MuiInputBase-input MuiOutlinedInput-input"
        type="text"
        value=""
      />
      <fieldset
        aria-hidden="true"
        class="PrivateNotchedOutline-root-2 MuiOutlinedInput-notchedOutline"
      >
        <legend
          class="PrivateNotchedOutline-legendLabelled-4"
        >
          <span>
            Login
          </span>
        </legend>
      </fieldset>
    </div>
  </div>
</div>
`;
